../Core/Src/main.c:95:5:main	104	static
../Core/Src/main.c:186:6:SystemClock_Config	88	static
../Core/Src/main.c:232:13:MX_I2C1_Init	8	static
../Core/Src/main.c:266:13:MX_TIM1_Init	32	static
../Core/Src/main.c:312:13:MX_TIM2_Init	32	static
../Core/Src/main.c:357:13:MX_TIM3_Init	64	static
../Core/Src/main.c:420:13:MX_USART1_UART_Init	8	static
../Core/Src/main.c:453:13:MX_USART2_UART_Init	8	static
../Core/Src/main.c:486:13:MX_GPIO_Init	48	static
../Core/Src/main.c:537:6:HAL_UART_RxCpltCallback	16	static
../Core/Src/main.c:555:6:StartDefaultTask	24	static
../Core/Src/main.c:576:6:ListenerTask	16	static
../Core/Src/main.c:595:6:ControllerTask	16	static
../Core/Src/main.c:615:6:HAL_TIM_PeriodElapsedCallback	16	static
../Core/Src/main.c:632:6:Error_Handler	4	static,ignoring_inline_asm
